---
source: integration_tests/tests/integration_tests/regular_nft_tests.rs
expression: v2_response
---
{
  "last_indexed_slot": 1,
  "items": [
    {
      "interface": "FungibleToken",
      "id": "DezXAZ8z7PnrnRJjz3wXBoRgixCa6xjnB7YaB1pPB263",
      "content": {
        "$schema": "https://schema.metaplex.com/nft1.0.json",
        "json_uri": "https://arweave.net/QPC6FYdUn-3V8ytFNuoCS85S2tHAuiDblh6u3CIZLsw",
        "files": [],
        "metadata": {
          "name": "Bonk",
          "symbol": "Bonk",
          "token_standard": "Fungible"
        },
        "links": {}
      },
      "authorities": [
        {
          "address": "9AhKqLR67hwapvG8SA2JFXaCshXc9nALJjpKaHZrsbkw",
          "scopes": [
            "full"
          ]
        }
      ],
      "compression": {
        "eligible": false,
        "compressed": false,
        "data_hash": "",
        "creator_hash": "",
        "asset_hash": "",
        "tree": "",
        "seq": 0,
        "leaf_id": 0
      },
      "grouping": [],
      "royalty": {
        "royalty_model": "creators",
        "target": null,
        "percent": 0.0,
        "basis_points": 0,
        "primary_sale_happened": true,
        "locked": false
      },
      "creators": [],
      "ownership": {
        "frozen": false,
        "delegated": false,
        "delegate": null,
        "ownership_model": "token",
        "owner": ""
      },
      "supply": null,
      "mutable": true,
      "burnt": false,
      "token_info": {
        "supply": 9352448151872545257,
        "decimals": 5,
        "token_program": "TokenkegQfeZyiNwAJbNbGKPFXCWuBvf9Ss623VQ5DA"
      }
    }
  ]
}
