---
source: integration_tests/tests/integration_tests/fungible_tests.rs
expression: response
---
{
  "last_indexed_slot": 1,
  "interface": "FungibleToken",
  "id": "USDH1SM1ojwWUga67PGrgFWUHibbjqMvuMaDkRJTgkX",
  "content": {
    "$schema": "https://schema.metaplex.com/nft1.0.json",
    "json_uri": "",
    "files": [
      {
        "uri": "https://raw.githubusercontent.com/solana-labs/token-list/main/assets/mainnet/USDH1SM1ojwWUga67PGrgFWUHibbjqMvuMaDkRJTgkX/usdh.svg",
        "mime": "image/svg+xml"
      }
    ],
    "metadata": {},
    "links": {
      "image": "https://raw.githubusercontent.com/solana-labs/token-list/main/assets/mainnet/USDH1SM1ojwWUga67PGrgFWUHibbjqMvuMaDkRJTgkX/usdh.svg"
    }
  },
  "authorities": [],
  "compression": {
    "eligible": false,
    "compressed": false,
    "data_hash": "",
    "creator_hash": "",
    "asset_hash": "",
    "tree": "",
    "seq": 0,
    "leaf_id": 0
  },
  "grouping": [],
  "royalty": {
    "royalty_model": "creators",
    "target": null,
    "percent": 0.0,
    "basis_points": 0,
    "primary_sale_happened": false,
    "locked": false
  },
  "creators": [],
  "ownership": {
    "frozen": false,
    "delegated": false,
    "delegate": null,
    "ownership_model": "token",
    "owner": ""
  },
  "supply": null,
  "mutable": true,
  "burnt": false,
  "token_info": {
    "supply": 1231774998291,
    "decimals": 6,
    "token_program": "TokenkegQfeZyiNwAJbNbGKPFXCWuBvf9Ss623VQ5DA",
    "mint_authority": "AkzcmXAWWmGnVmyEfW5eeaHdUUrE9yxGaS2GmtV5UEMq"
  }
}
